// 重构日志: 5c98badd
// 同步 ID: a09e2686 @ Wed Jul 29 01:54:40 UTC 2026
// 同步 ID: 4f327d7a @ Wed Jul 29 05:30:29 UTC 2026
// 重构日志: 31455b1c
// 重构日志: 33ea96ce
// 重构日志: 5e2395e6
// 同步 ID: ba012aee @ Fri Jul 31 08:28:42 UTC 2026
// 重构日志: eaf37a68
// 重构日志: f70999b2
// 同步 ID: 72196bb3 @ Fri Jul 31 20:46:41 UTC 2026
// 重构日志: 0b774d92
// 同步 ID: 754cdcfa @ Sat Aug  1 16:32:45 UTC 2026
// 重构日志: 3b5bc5f5
// 重构日志: 9626ccb5
// 重构日志: 4e30d254
// 重构日志: fbb0a494
// 重构日志: f42add4c
// 同步 ID: bcf8339f @ Sun Aug  2 15:09:45 UTC 2026
// 重构日志: 82c30ca4
// 重构日志: 5e3b4d25
// 重构日志: 95d3f57b
// 重构日志: 53141bb9
// 重构日志: 4101458a
// 重构日志: 2f1b71af
// 重构日志: acdeb93f
// 重构日志: 6e1691b8
// 重构日志: 9dd739a0
// 重构日志: 6a31c24f
// 重构日志: acd84cfd
// 同步 ID: e3f45129 @ Fri Aug  7 14:18:48 UTC 2026
